\BOOKMARK [0][-]{part.1}{\376\377\000I\000\040\000p\000r\000e\000l\000i\000m\000i\000n\000a\000r\000i\000e\000s}{}% 1
\BOOKMARK [1][-]{section.1}{\376\377\000B\000a\000s\000i\000c\000s\000\040\000o\000f\000\040\000M\000a\000g\000n\000e\000t\000i\000s\000m}{part.1}% 2
\BOOKMARK [2][-]{subsection.1.1}{\376\377\000D\000i\000r\000e\000c\000t\000\040\000E\000x\000c\000h\000a\000n\000g\000e}{section.1}% 3
\BOOKMARK [3][-]{subsubsection.1.1.1}{\376\377\000C\000o\000u\000l\000o\000m\000b\000\040\000e\000x\000c\000h\000a\000n\000g\000e}{subsection.1.1}% 4
\BOOKMARK [1][-]{section.2}{\376\377\000P\000a\000r\000t\000o\000n\000s}{part.1}% 5
\BOOKMARK [2][-]{subsection.2.1}{\376\377\000\040\000S\000U\000\050\0002\000\051\000\040\000S\000l\000a\000v\000e\000\040\000F\000e\000r\000m\000i\000o\000n\000s}{section.2}% 6
\BOOKMARK [3][-]{subsubsection.2.1.1}{\376\377\000H\000i\000l\000b\000e\000r\000t\000\040\000s\000p\000a\000c\000e\000\040\000a\000n\000d\000\040\000u\000n\000-\000p\000h\000y\000s\000i\000c\000a\000l\000\040\000s\000t\000a\000t\000e\000s}{subsection.2.1}% 7
\BOOKMARK [3][-]{subsubsection.2.1.2}{\376\377\000g\000l\000o\000b\000a\000l\000\040\000S\000U\000\050\0002\000\051\000\040\000s\000y\000m\000m\000e\000t\000r\000i\000e}{subsection.2.1}% 8
\BOOKMARK [3][-]{subsubsection.2.1.3}{\376\377\000l\000o\000c\000a\000l\000\040\000S\000U\000\050\0002\000\051\000\040\000s\000y\000m\000m\000e\000t\000r\000i\000e}{subsection.2.1}% 9
\BOOKMARK [1][-]{section.3}{\376\377\000M\000e\000c\000h\000a\000n\000i\000c\000s\000\040\000o\000f\000\040\000C\000o\000n\000t\000i\000n\000u\000a}{part.1}% 10
\BOOKMARK [2][-]{subsection.3.1}{\376\377\000K\000i\000n\000e\000m\000a\000t\000i\000c\000s}{section.3}% 11
\BOOKMARK [3][-]{subsubsection.3.1.1}{\376\377\000N\000o\000t\000a\000t\000i\000o\000n\000\040\000a\000n\000d\000\040\000C\000o\000o\000r\000d\000i\000n\000a\000t\000e\000s}{subsection.3.1}% 12
\BOOKMARK [3][-]{subsubsection.3.1.2}{\376\377\000E\000u\000l\000e\000r\000i\000a\000n\000\040\000a\000n\000d\000\040\000L\000a\000g\000r\000a\000n\000g\000i\000a\000n\000\040\000d\000e\000s\000c\000r\000i\000p\000t\000i\000o\000n}{subsection.3.1}% 13
\BOOKMARK [3][-]{subsubsection.3.1.3}{\376\377\000T\000r\000a\000j\000e\000c\000t\000o\000r\000i\000e\000s\000\040\000a\000n\000d\000\040\000D\000i\000s\000p\000l\000a\000c\000m\000e\000n\000t\000\040\000F\000i\000e\000l\000d}{subsection.3.1}% 14
\BOOKMARK [3][-]{subsubsection.3.1.4}{\376\377\000l\000o\000c\000a\000l\000\040\000c\000h\000a\000n\000g\000e\000s\000\040\000a\000n\000d\000\040\000D\000e\000f\000o\000r\000m\000a\000t\000i\000o\000n\000\040\000G\000r\000a\000d\000i\000e\000n\000t}{subsection.3.1}% 15
\BOOKMARK [0][-]{part.2}{\376\377\000I\000I\000\040\000m\000a\000i\000n\000\040\000p\000a\000r\000t}{}% 16
\BOOKMARK [1][-]{section.4}{\376\377\000H\000a\000m\000i\000l\000t\000o\000n\000i\000a\000n}{part.2}% 17
\BOOKMARK [1][-]{section.5}{\376\377\000T\000h\000e\000r\000m\000o\000d\000y\000n\000a\000m\000i\000c\000\040\000L\000i\000m\000i\000t\000\040\000o\000f\000\040\000U\000n\000s\000t\000r\000a\000i\000n\000e\000d\000\040\000m\000o\000d\000e\000l}{part.2}% 18
\BOOKMARK [2][-]{subsection.5.1}{\376\377\0000\000-\0000\000\040\000a\000n\000d\000\040\000-\000\040\000S\000t\000a\000t\000e\000s}{section.5}% 19
\BOOKMARK [3][-]{subsubsection.5.1.1}{\376\377\000P\000e\000d\000e\000s\000t\000r\000i\000a\000n\000\040\000m\000e\000t\000h\000o\000d}{subsection.5.1}% 20
\BOOKMARK [3][-]{subsubsection.5.1.2}{\376\377\000P\000e\000d\000r\000o\000'\000s\000\040\000m\000e\000t\000h\000o\000d}{subsection.5.1}% 21
\BOOKMARK [2][-]{subsection.5.2}{\376\377\0000\000-\000\040\000a\000n\000d\000\040\000-\0000\000\040\000S\000t\000a\000t\000e\000s}{section.5}% 22
\BOOKMARK [3][-]{subsubsection.5.2.1}{\376\377\000p\000e\000d\000e\000s\000t\000r\000i\000a\000n\000\040\000m\000e\000t\000h\000o\000d}{subsection.5.2}% 23
\BOOKMARK [3][-]{subsubsection.5.2.2}{\376\377\000P\000e\000d\000r\000o\000'\000s\000\040\000m\000e\000t\000h\000o\000d}{subsection.5.2}% 24
\BOOKMARK [2][-]{subsection.5.3}{\376\377\000/\0002\000-\000/\0002\000\040\000a\000n\000d\000\040\000-\000/\0002\000\040\000-\000\040\000-\000/\0002\000\040\000S\000t\000a\000t\000e\000s}{section.5}% 25
\BOOKMARK [3][-]{subsubsection.5.3.1}{\376\377\000P\000e\000d\000e\000s\000t\000r\000i\000a\000n\000\040\000M\000e\000t\000h\000o\000d}{subsection.5.3}% 26
\BOOKMARK [3][-]{subsubsection.5.3.2}{\376\377\000P\000e\000d\000r\000o\000'\000s\000\040\000M\000e\000t\000h\000o\000d}{subsection.5.3}% 27
\BOOKMARK [0][-]{part.3}{\376\377\000I\000I\000I\000\040\000o\000t\000h\000e\000r}{}% 28
\BOOKMARK [1][-]{section.6}{\376\377\000m\000a\000i\000l\000\040\0001\0000\000.\0000\0007}{part.3}% 29
